// Jest Snapshot v1, https://goo.gl/fbAQLP

exports[`Footer renders correctly 1`] = `
<DocumentFragment>
  <footer
    css="[object Object]"
  >
    Â© 2019, Hyperlog
  </footer>
</DocumentFragment>
`;
